[
  {
    "schema_version": 1,
    "lifecycle": "executing",
    "plan": {
      "title": "add a Hello function and tests",
      "task_count": 4
    },
    "nodes": null,
    "interventions": null,
    "evidence": null,
    "trajectory": {},
    "files": null,
    "usage": {
      "input_tokens": 0,
      "output_tokens": 0,
      "cached_tokens": 0,
      "reasoning_tokens": 0,
      "cost_usd": 0
    }
  },
  {
    "schema_version": 1,
    "lifecycle": "executing",
    "plan": {
      "title": "add a Hello function and tests",
      "task_count": 4
    },
    "nodes": [
      {
        "id": "code_writer",
        "label": "code_writer",
        "kind": "WRITE",
        "status": "running",
        "progress": 0,
        "iteration": 0,
        "cost": {
          "usd": 0,
          "tokens": 0
        },
        "usage": {
          "input_tokens": 0,
          "output_tokens": 0,
          "cached_tokens": 0,
          "reasoning_tokens": 0,
          "cost_usd": 0
        },
        "workspace": "shared_cwd"
      }
    ],
    "interventions": null,
    "evidence": null,
    "trajectory": {},
    "files": null,
    "usage": {
      "input_tokens": 0,
      "output_tokens": 0,
      "cached_tokens": 0,
      "reasoning_tokens": 0,
      "cost_usd": 0
    }
  },
  {
    "schema_version": 1,
    "lifecycle": "executing",
    "plan": {
      "title": "add a Hello function and tests",
      "task_count": 4
    },
    "nodes": [
      {
        "id": "code_writer",
        "label": "code_writer",
        "kind": "WRITE",
        "status": "complete",
        "progress": 1,
        "iteration": 0,
        "cost": {
          "usd": 0,
          "tokens": 0
        },
        "usage": {
          "input_tokens": 0,
          "output_tokens": 0,
          "cached_tokens": 0,
          "reasoning_tokens": 0,
          "cost_usd": 0
        },
        "workspace": "shared_cwd"
      }
    ],
    "interventions": null,
    "evidence": null,
    "trajectory": {},
    "files": null,
    "usage": {
      "input_tokens": 0,
      "output_tokens": 0,
      "cached_tokens": 0,
      "reasoning_tokens": 0,
      "cost_usd": 0
    }
  },
  {
    "schema_version": 1,
    "lifecycle": "verifying",
    "plan": {
      "title": "add a Hello function and tests",
      "task_count": 4
    },
    "nodes": [
      {
        "id": "code_writer",
        "label": "code_writer",
        "kind": "WRITE",
        "status": "complete",
        "progress": 1,
        "iteration": 0,
        "cost": {
          "usd": 0,
          "tokens": 0
        },
        "usage": {
          "input_tokens": 0,
          "output_tokens": 0,
          "cached_tokens": 0,
          "reasoning_tokens": 0,
          "cost_usd": 0
        },
        "workspace": "shared_cwd"
      },
      {
        "id": "static_analyzer",
        "label": "static_analyzer",
        "kind": "ANALYZE",
        "status": "running",
        "progress": 0,
        "iteration": 0,
        "cost": {
          "usd": 0,
          "tokens": 0
        },
        "usage": {
          "input_tokens": 0,
          "output_tokens": 0,
          "cached_tokens": 0,
          "reasoning_tokens": 0,
          "cost_usd": 0
        },
        "workspace": "shared_cwd"
      }
    ],
    "interventions": null,
    "evidence": null,
    "trajectory": {},
    "files": null,
    "usage": {
      "input_tokens": 0,
      "output_tokens": 0,
      "cached_tokens": 0,
      "reasoning_tokens": 0,
      "cost_usd": 0
    }
  },
  {
    "schema_version": 1,
    "lifecycle": "executing",
    "plan": {
      "title": "add a Hello function and tests",
      "task_count": 4
    },
    "nodes": [
      {
        "id": "code_writer",
        "label": "code_writer",
        "kind": "WRITE",
        "status": "complete",
        "progress": 1,
        "iteration": 0,
        "cost": {
          "usd": 0,
          "tokens": 0
        },
        "usage": {
          "input_tokens": 0,
          "output_tokens": 0,
          "cached_tokens": 0,
          "reasoning_tokens": 0,
          "cost_usd": 0
        },
        "workspace": "shared_cwd"
      },
      {
        "id": "static_analyzer",
        "label": "static_analyzer",
        "kind": "ANALYZE",
        "status": "complete",
        "progress": 1,
        "iteration": 0,
        "cost": {
          "usd": 0,
          "tokens": 0
        },
        "usage": {
          "input_tokens": 0,
          "output_tokens": 0,
          "cached_tokens": 0,
          "reasoning_tokens": 0,
          "cost_usd": 0
        },
        "workspace": "shared_cwd"
      }
    ],
    "interventions": null,
    "evidence": null,
    "trajectory": {},
    "files": null,
    "usage": {
      "input_tokens": 0,
      "output_tokens": 0,
      "cached_tokens": 0,
      "reasoning_tokens": 0,
      "cost_usd": 0
    }
  },
  {
    "schema_version": 1,
    "lifecycle": "executing",
    "plan": {
      "title": "add a Hello function and tests",
      "task_count": 4
    },
    "nodes": [
      {
        "id": "code_writer",
        "label": "code_writer",
        "kind": "WRITE",
        "status": "complete",
        "progress": 1,
        "iteration": 0,
        "cost": {
          "usd": 0,
          "tokens": 0
        },
        "usage": {
          "input_tokens": 0,
          "output_tokens": 0,
          "cached_tokens": 0,
          "reasoning_tokens": 0,
          "cost_usd": 0
        },
        "workspace": "shared_cwd"
      },
      {
        "id": "static_analyzer",
        "label": "static_analyzer",
        "kind": "ANALYZE",
        "status": "complete",
        "progress": 1,
        "iteration": 0,
        "cost": {
          "usd": 0,
          "tokens": 0
        },
        "usage": {
          "input_tokens": 0,
          "output_tokens": 0,
          "cached_tokens": 0,
          "reasoning_tokens": 0,
          "cost_usd": 0
        },
        "workspace": "shared_cwd"
      },
      {
        "id": "test_runner",
        "label": "test_runner",
        "kind": "TEST",
        "status": "running",
        "progress": 0,
        "iteration": 0,
        "cost": {
          "usd": 0,
          "tokens": 0
        },
        "usage": {
          "input_tokens": 0,
          "output_tokens": 0,
          "cached_tokens": 0,
          "reasoning_tokens": 0,
          "cost_usd": 0
        },
        "workspace": "shared_cwd"
      }
    ],
    "interventions": null,
    "evidence": null,
    "trajectory": {},
    "files": null,
    "usage": {
      "input_tokens": 0,
      "output_tokens": 0,
      "cached_tokens": 0,
      "reasoning_tokens": 0,
      "cost_usd": 0
    }
  },
  {
    "schema_version": 1,
    "lifecycle": "executing",
    "plan": {
      "title": "add a Hello function and tests",
      "task_count": 4
    },
    "nodes": [
      {
        "id": "code_writer",
        "label": "code_writer",
        "kind": "WRITE",
        "status": "complete",
        "progress": 1,
        "iteration": 0,
        "cost": {
          "usd": 0,
          "tokens": 0
        },
        "usage": {
          "input_tokens": 0,
          "output_tokens": 0,
          "cached_tokens": 0,
          "reasoning_tokens": 0,
          "cost_usd": 0
        },
        "workspace": "shared_cwd"
      },
      {
        "id": "static_analyzer",
        "label": "static_analyzer",
        "kind": "ANALYZE",
        "status": "complete",
        "progress": 1,
        "iteration": 0,
        "cost": {
          "usd": 0,
          "tokens": 0
        },
        "usage": {
          "input_tokens": 0,
          "output_tokens": 0,
          "cached_tokens": 0,
          "reasoning_tokens": 0,
          "cost_usd": 0
        },
        "workspace": "shared_cwd"
      },
      {
        "id": "test_runner",
        "label": "test_runner",
        "kind": "TEST",
        "status": "complete",
        "progress": 1,
        "iteration": 0,
        "cost": {
          "usd": 0,
          "tokens": 0
        },
        "usage": {
          "input_tokens": 0,
          "output_tokens": 0,
          "cached_tokens": 0,
          "reasoning_tokens": 0,
          "cost_usd": 0
        },
        "workspace": "shared_cwd"
      }
    ],
    "interventions": null,
    "evidence": null,
    "trajectory": {},
    "files": null,
    "usage": {
      "input_tokens": 0,
      "output_tokens": 0,
      "cached_tokens": 0,
      "reasoning_tokens": 0,
      "cost_usd": 0
    }
  },
  {
    "schema_version": 1,
    "lifecycle": "verifying",
    "plan": {
      "title": "add a Hello function and tests",
      "task_count": 4
    },
    "nodes": [
      {
        "id": "code_writer",
        "label": "code_writer",
        "kind": "WRITE",
        "status": "complete",
        "progress": 1,
        "iteration": 0,
        "cost": {
          "usd": 0,
          "tokens": 0
        },
        "usage": {
          "input_tokens": 0,
          "output_tokens": 0,
          "cached_tokens": 0,
          "reasoning_tokens": 0,
          "cost_usd": 0
        },
        "workspace": "shared_cwd"
      },
      {
        "id": "static_analyzer",
        "label": "static_analyzer",
        "kind": "ANALYZE",
        "status": "complete",
        "progress": 1,
        "iteration": 0,
        "cost": {
          "usd": 0,
          "tokens": 0
        },
        "usage": {
          "input_tokens": 0,
          "output_tokens": 0,
          "cached_tokens": 0,
          "reasoning_tokens": 0,
          "cost_usd": 0
        },
        "workspace": "shared_cwd"
      },
      {
        "id": "test_runner",
        "label": "test_runner",
        "kind": "TEST",
        "status": "complete",
        "progress": 1,
        "iteration": 0,
        "cost": {
          "usd": 0,
          "tokens": 0
        },
        "usage": {
          "input_tokens": 0,
          "output_tokens": 0,
          "cached_tokens": 0,
          "reasoning_tokens": 0,
          "cost_usd": 0
        },
        "workspace": "shared_cwd"
      },
      {
        "id": "acceptance_verifier",
        "label": "acceptance_verifier",
        "kind": "VERIFY",
        "status": "running",
        "progress": 0,
        "iteration": 0,
        "cost": {
          "usd": 0,
          "tokens": 0
        },
        "usage": {
          "input_tokens": 0,
          "output_tokens": 0,
          "cached_tokens": 0,
          "reasoning_tokens": 0,
          "cost_usd": 0
        },
        "workspace": "shared_cwd"
      }
    ],
    "interventions": null,
    "evidence": null,
    "trajectory": {},
    "files": null,
    "usage": {
      "input_tokens": 0,
      "output_tokens": 0,
      "cached_tokens": 0,
      "reasoning_tokens": 0,
      "cost_usd": 0
    }
  },
  {
    "schema_version": 1,
    "lifecycle": "executing",
    "plan": {
      "title": "add a Hello function and tests",
      "task_count": 4
    },
    "nodes": [
      {
        "id": "code_writer",
        "label": "code_writer",
        "kind": "WRITE",
        "status": "complete",
        "progress": 1,
        "iteration": 0,
        "cost": {
          "usd": 0,
          "tokens": 0
        },
        "usage": {
          "input_tokens": 0,
          "output_tokens": 0,
          "cached_tokens": 0,
          "reasoning_tokens": 0,
          "cost_usd": 0
        },
        "workspace": "shared_cwd"
      },
      {
        "id": "static_analyzer",
        "label": "static_analyzer",
        "kind": "ANALYZE",
        "status": "complete",
        "progress": 1,
        "iteration": 0,
        "cost": {
          "usd": 0,
          "tokens": 0
        },
        "usage": {
          "input_tokens": 0,
          "output_tokens": 0,
          "cached_tokens": 0,
          "reasoning_tokens": 0,
          "cost_usd": 0
        },
        "workspace": "shared_cwd"
      },
      {
        "id": "test_runner",
        "label": "test_runner",
        "kind": "TEST",
        "status": "complete",
        "progress": 1,
        "iteration": 0,
        "cost": {
          "usd": 0,
          "tokens": 0
        },
        "usage": {
          "input_tokens": 0,
          "output_tokens": 0,
          "cached_tokens": 0,
          "reasoning_tokens": 0,
          "cost_usd": 0
        },
        "workspace": "shared_cwd"
      },
      {
        "id": "acceptance_verifier",
        "label": "acceptance_verifier",
        "kind": "VERIFY",
        "status": "complete",
        "progress": 1,
        "iteration": 0,
        "cost": {
          "usd": 0,
          "tokens": 0
        },
        "usage": {
          "input_tokens": 0,
          "output_tokens": 0,
          "cached_tokens": 0,
          "reasoning_tokens": 0,
          "cost_usd": 0
        },
        "workspace": "shared_cwd"
      }
    ],
    "interventions": null,
    "evidence": null,
    "trajectory": {},
    "files": null,
    "usage": {
      "input_tokens": 0,
      "output_tokens": 0,
      "cached_tokens": 0,
      "reasoning_tokens": 0,
      "cost_usd": 0
    }
  },
  {
    "schema_version": 1,
    "lifecycle": "complete",
    "plan": {
      "title": "add a Hello function and tests",
      "task_count": 4
    },
    "nodes": [
      {
        "id": "code_writer",
        "label": "code_writer",
        "kind": "WRITE",
        "status": "complete",
        "progress": 1,
        "iteration": 0,
        "cost": {
          "usd": 0,
          "tokens": 0
        },
        "usage": {
          "input_tokens": 0,
          "output_tokens": 0,
          "cached_tokens": 0,
          "reasoning_tokens": 0,
          "cost_usd": 0
        },
        "workspace": "shared_cwd"
      },
      {
        "id": "static_analyzer",
        "label": "static_analyzer",
        "kind": "ANALYZE",
        "status": "complete",
        "progress": 1,
        "iteration": 0,
        "cost": {
          "usd": 0,
          "tokens": 0
        },
        "usage": {
          "input_tokens": 0,
          "output_tokens": 0,
          "cached_tokens": 0,
          "reasoning_tokens": 0,
          "cost_usd": 0
        },
        "workspace": "shared_cwd"
      },
      {
        "id": "test_runner",
        "label": "test_runner",
        "kind": "TEST",
        "status": "complete",
        "progress": 1,
        "iteration": 0,
        "cost": {
          "usd": 0,
          "tokens": 0
        },
        "usage": {
          "input_tokens": 0,
          "output_tokens": 0,
          "cached_tokens": 0,
          "reasoning_tokens": 0,
          "cost_usd": 0
        },
        "workspace": "shared_cwd"
      },
      {
        "id": "acceptance_verifier",
        "label": "acceptance_verifier",
        "kind": "VERIFY",
        "status": "complete",
        "progress": 1,
        "iteration": 0,
        "cost": {
          "usd": 0,
          "tokens": 0
        },
        "usage": {
          "input_tokens": 0,
          "output_tokens": 0,
          "cached_tokens": 0,
          "reasoning_tokens": 0,
          "cost_usd": 0
        },
        "workspace": "shared_cwd"
      }
    ],
    "interventions": null,
    "evidence": null,
    "trajectory": {},
    "files": null,
    "usage": {
      "input_tokens": 0,
      "output_tokens": 0,
      "cached_tokens": 0,
      "reasoning_tokens": 0,
      "cost_usd": 0
    },
    "completion": {
      "status": "completed"
    }
  }
]
